
> frontend@0.0.0 build
> vite build

[36mvite v5.4.21 [32mbuilding for production...[36m[39m
transforming...
[32mΓ£ô[39m 76 modules transformed.
rendering chunks...
computing gzip size...
[2mdist/[22m[32mindex.html                 [39m[1m[2m  0.51 kB[22m[1m[22m[2m Γöé gzip:  0.31 kB[22m
[2mdist/[22m[35massets/index-BVGzs878.css  [39m[1m[2m 10.17 kB[22m[1m[22m[2m Γöé gzip:  2.59 kB[22m
[2mdist/[22m[36massets/index-BAYcTtaN.js   [39m[1m[2m245.08 kB[22m[1m[22m[2m Γöé gzip: 77.63 kB[22m
[32mΓ£ô built in 1.23s[39m
